// Jest Snapshot v1, https://goo.gl/fbAQLP

exports[`Card component testing renders the Card UI as expected 1`] = `
<div
  className="Card"
>
  <button
    type="button"
  >
    delete
  </button>
  <h3>
    First card
  </h3>
  <p>
    lorem ipsum
  </p>
</div>
`;
